// Jest Snapshot v1, https://goo.gl/fbAQLP

exports[`Page snapshot: distribution 1`] = `
<DocumentFragment>
  <div
    class="container mx-auto px-6"
  >
    <div
      class="distribution"
    />
  </div>
</DocumentFragment>
`;
